Microchip MPLAB XC8 Compiler V2.40

Linker command line:

-W-3 \
  --edf=C:/Users/ARKICK/.mchp_packs/Microchip/PIC18Fxxxx_DFP/1.4.151/xc8\pic\dat\20230323171731_en.msgs \
  -cn -h+dist/default/debug\FILLING_MACHINE3.0.X.debug.sym \
  --cmf=dist/default/debug\FILLING_MACHINE3.0.X.debug.cmf -z -Q18F4550 \
  -oC:\Users\ARKICK\AppData\Local\Temp\xcAsbl0.4 --defsym=__MPLAB_BUILD=1 \
  --fixupoverflow=error -Mdist/default/debug/FILLING_MACHINE3.0.X.debug.map \
  --md=C:\Users\ARKICK\AppData\Local\Temp\xcAsbl0.dat -E1 -ver=XC8 Compiler \
  --acfsm=1493 -ACODE=00h-07FFFh -ACONST=00h-07FFFh \
  -ASMALLCONST=0800h-08FFhx120 -AMEDIUMCONST=0800h-07FFFh -ACOMRAM=01h-05Fh \
  -AABS1=00h-07FFh -ABIGRAM=01h-07FFh -ARAM=060h-0FFh,0100h-01FFhx7 \
  -ABANK0=060h-0FFh -ABANK1=0100h-01FFh -ABANK2=0200h-02FFh \
  -ABANK3=0300h-03FFh -ABANK4=0400h-04FFh -ABANK5=0500h-05FFh \
  -ABANK6=0600h-06FFh -ABANK7=0700h-07FFh -ASFR=0F60h-0FFFh \
  -ABIGSFR=0F60h-0FFFh -ACONFIG=0300000h-030000Dh -AIDLOC=0200000h-0200007h \
  -AEEDATA=0F00000h-0F000FFh -peeprom_data=EEDATA \
  -preset_vec=00h,intcode,intcodelo,powerup,init -pramtop=0800h \
  -psmallconst=SMALLCONST -pmediumconst=MEDIUMCONST -pconst=CONST \
  -AFARRAM=00h-00h \
  -prdata=COMRAM,nvrram=COMRAM,nvbit=COMRAM,rbss=COMRAM,rbit=COMRAM \
  -pfarbss=FARRAM,fardata=FARRAM,nvFARRAM=FARRAM \
  -pintsave_regs=BIGRAM,bigbss=BIGRAM,bigdata=BIGRAM -pbss=RAM \
  -pidata=CODE,irdata=CODE,ibigdata=CODE,ifardata=CODE -prparam=COMRAM \
  C:\Users\ARKICK\AppData\Local\Temp\xcAsbl0.o \
  dist/default/debug\FILLING_MACHINE3.0.X.debug.o 

Object code version is 3.11

Machine type is 18F4550



                Name                               Link     Load   Length Selector   Space Scale
C:\Users\ARKICK\AppData\Local\Temp\xcAsbl0.o
                idloc                            200000   200000        8        0       5
                config                           300000   300000        E        0       4
                init                                  0        0        4        0       0
dist/default/debug\FILLING_MACHINE3.0.X.debug.o
                idloc                            200000   200000        8        0       5
                config                           300000   300000        E        0       4
                smallconst                          800      800        A      400       0
                text9                               80A      80A      324      405       0
                text8                               DEE      DEE       10      405       0
                text7                               CE8      CE8       5C      405       0
                text6                               DCE      DCE       20      405       0
                text5                               DFE      DFE        E      405       0
                text4                               C00      C00       8C      405       0
                text3                               B2E      B2E       D2      405       0
                text2                               D9A      D9A       34      405       0
                text1                               D44      D44       56      405       0
                text0                               C8C      C8C       5C      405       0
                cstackCOMRAM                          1        1        A        1       1
                bssCOMRAM                             B        B        1        1       1
                cinit                               E0C      E0C        C      405       0

TOTAL           Name                               Link     Load   Length     Space
        CLASS   CODE           
                init                                  0        0        4         0
                text9                               80A      80A      324         0
                text8                               DEE      DEE       10         0
                text7                               CE8      CE8       5C         0
                text6                               DCE      DCE       20         0
                text5                               DFE      DFE        E         0
                text4                               C00      C00       8C         0
                text3                               B2E      B2E       D2         0
                text2                               D9A      D9A       34         0
                text1                               D44      D44       56         0
                text0                               C8C      C8C       5C         0
                cinit                               E0C      E0C        C         0

        CLASS   CONST          

        CLASS   SMALLCONST     
                smallconst                          800      800        A         0

        CLASS   MEDIUMCONST    

        CLASS   COMRAM         
                cstackCOMRAM                          1        1        A         1
                bssCOMRAM                             B        B        1         1

        CLASS   ABS1           

        CLASS   BIGRAM         

        CLASS   RAM            

        CLASS   BANK0          

        CLASS   BANK1          

        CLASS   BANK2          

        CLASS   BANK3          

        CLASS   BANK4          

        CLASS   BANK5          

        CLASS   BANK6          

        CLASS   BANK7          

        CLASS   SFR            

        CLASS   BIGSFR         

        CLASS   CONFIG         
                config                           300000   300000        E         4

        CLASS   IDLOC          
                idloc                            200000   200000        8         5

        CLASS   EEDATA         

        CLASS   FARRAM         

        CLASS   HEAP           

        CLASS   STACK          



SEGMENTS        Name                           Load    Length   Top    Selector   Space  Class

                reset_vec                      000000  000004  000004         0       0  CODE    
                cstackCOMRAM                   000001  00000B  00000C         1       1  COMRAM  
                smallconst                     000800  00000A  00080A       400       0  SMALLCON
                text9                          00080A  00060E  000E18       405       0  CODE    


UNUSED ADDRESS RANGES

        Name                Unused          Largest block    Delta
        BANK0            000060-0000FF               A0
        BANK1            000100-0001FF              100
        BANK2            000200-0002FF              100
        BANK3            000300-0003FF              100
        BANK4            000400-0004FF              100
        BANK5            000500-0005FF              100
        BANK6            000600-0006FF              100
        BANK7            000700-0007FF              100
        BIGRAM           00000C-0007FF              7F4
        BIGSFR           000F60-000FFF               A0
        CODE             000004-0007FF              7FC
                         000E18-007FFF             71E8
        COMRAM           00000C-00005F               54
        CONST            000004-0007FF              7FC
                         000E18-007FFF             71E8
        EEDATA           F00000-F000FF              100
        MEDIUMCONST      000E18-007FFF             71E8
        RAM              000060-0007FF              100
        SFR              000F60-000FFF               A0
        SMALLCONST       000E18-007FFF              100

                                  Symbol Table

Lcd_Cmd@a                 cstackCOMRAM 000003
Lcd_Port@a                cstackCOMRAM 000001
Lcd_Set_Cursor@a          cstackCOMRAM 000005
Lcd_Set_Cursor@b          cstackCOMRAM 000004
Lcd_Set_Cursor@temp       cstackCOMRAM 000008
Lcd_Set_Cursor@y          cstackCOMRAM 000007
Lcd_Set_Cursor@z          cstackCOMRAM 000006
Lcd_Write_Char@a          cstackCOMRAM 000004
Lcd_Write_Char@temp       cstackCOMRAM 000002
Lcd_Write_Char@y          cstackCOMRAM 000003
Lcd_Write_String@a        cstackCOMRAM 000005
Lcd_Write_String@i        cstackCOMRAM 000009
_ADCON1bits               (abs)        000FC1
_Keypad_Get_Char          text9        00080A
_Keypad_Init              text8        000DEE
_LATDbits                 (abs)        000F8C
_Lcd_Clear                text5        000DFE
_Lcd_Cmd                  text6        000DCE
_Lcd_Init                 text4        000C00
_Lcd_Port                 text7        000CE8
_Lcd_Set_Cursor           text3        000B2E
_Lcd_Write_Char           text2        000D9A
_Lcd_Write_String         text1        000D44
_PORTDbits                (abs)        000F83
_TRISDbits                (abs)        000F95
__HRAM                    (abs)        000000
__Habs1                   abs1         000000
__Hbank0                  bank0        000000
__Hbank1                  bank1        000000
__Hbank2                  bank2        000000
__Hbank3                  bank3        000000
__Hbank4                  bank4        000000
__Hbank5                  bank5        000000
__Hbank6                  bank6        000000
__Hbank7                  bank7        000000
__Hbigbss                 bigbss       000000
__Hbigdata                bigdata      000000
__Hbigram                 bigram       000000
__Hbigsfr                 bigsfr       000000
__Hbss                    bss          000000
__HbssCOMRAM              bssCOMRAM    000000
__Hcinit                  cinit        000000
__Hclrtext                clrtext      000000
__Hcomram                 comram       000000
__Hconfig                 config       30000E
__Hconst                  const        000000
__HcstackCOMRAM           cstackCOMRAM 000000
__Hdata                   data         000000
__Heeprom_data            eeprom_data  000000
__Hfarbss                 farbss       000000
__Hfardata                fardata      000000
__Hheap                   heap         000000
__Hibigdata               ibigdata     000000
__Hidata                  idata        000000
__Hidloc                  idloc        200008
__Hifardata               ifardata     000000
__Hinit                   init         000004
__Hintcode                intcode      000000
__Hintcode_body           intcode_body 000000
__Hintcodelo              intcodelo    000000
__Hintentry               intentry     000000
__Hintret                 intret       000000
__Hintsave_regs           intsave_regs 000000
__Hirdata                 irdata       000000
__Hmediumconst            mediumconst  000000
__HnvFARRAM               nvFARRAM     000000
__Hnvbit                  nvbit        000000
__Hnvrram                 nvrram       000000
__Hparam                  rparam       000000
__Hpowerup                powerup      000000
__Hram                    ram          000000
__Hramtop                 ramtop       000800
__Hrbit                   rbit         000000
__Hrbss                   rbss         000000
__Hrdata                  rdata        000000
__Hreset_vec              reset_vec    000000
__Hrparam                 rparam       000000
__Hsfr                    sfr          000000
__Hsmallconst             smallconst   00080A
__Hspace_0                (abs)        000E18
__Hspace_1                (abs)        00000C
__Hspace_2                (abs)        000000
__Hspace_4                (abs)        60000E
__Hstack                  stack        000000
__Hstruct                 struct       000000
__Htemp                   temp         000000
__Htext                   text         000000
__Htext0                  text0        000000
__Htext1                  text1        000000
__Htext2                  text2        000000
__Htext3                  text3        000000
__Htext4                  text4        000000
__Htext5                  text5        000000
__Htext6                  text6        000000
__Htext7                  text7        000000
__Htext8                  text8        000000
__Htext9                  text9        000000
__LRAM                    (abs)        000001
__Labs1                   abs1         000000
__Lbank0                  bank0        000000
__Lbank1                  bank1        000000
__Lbank2                  bank2        000000
__Lbank3                  bank3        000000
__Lbank4                  bank4        000000
__Lbank5                  bank5        000000
__Lbank6                  bank6        000000
__Lbank7                  bank7        000000
__Lbigbss                 bigbss       000000
__Lbigdata                bigdata      000000
__Lbigram                 bigram       000000
__Lbigsfr                 bigsfr       000000
__Lbss                    bss          000000
__LbssCOMRAM              bssCOMRAM    000000
__Lcinit                  cinit        000000
__Lclrtext                clrtext      000000
__Lcomram                 comram       000000
__Lconfig                 config       000000
__Lconst                  const        000000
__LcstackCOMRAM           cstackCOMRAM 000000
__Ldata                   data         000000
__Leeprom_data            eeprom_data  000000
__Lfarbss                 farbss       000000
__Lfardata                fardata      000000
__Lheap                   heap         000000
__Libigdata               ibigdata     000000
__Lidata                  idata        000000
__Lidloc                  idloc        000000
__Lifardata               ifardata     000000
__Linit                   init         000000
__Lintcode                intcode      000000
__Lintcode_body           intcode_body 000000
__Lintcodelo              intcodelo    000000
__Lintentry               intentry     000000
__Lintret                 intret       000000
__Lintsave_regs           intsave_regs 000000
__Lirdata                 irdata       000000
__Lmediumconst            mediumconst  000000
__LnvFARRAM               nvFARRAM     000000
__Lnvbit                  nvbit        000000
__Lnvrram                 nvrram       000000
__Lparam                  rparam       000000
__Lpowerup                powerup      000000
__Lram                    ram          000000
__Lramtop                 ramtop       000800
__Lrbit                   rbit         000000
__Lrbss                   rbss         000000
__Lrdata                  rdata        000000
__Lreset_vec              reset_vec    000000
__Lrparam                 rparam       000000
__Lsfr                    sfr          000000
__Lsmallconst             smallconst   000800
__Lspace_0                (abs)        000000
__Lspace_1                (abs)        000000
__Lspace_2                (abs)        000000
__Lspace_4                (abs)        000000
__Lstack                  stack        000000
__Lstruct                 struct       000000
__Ltemp                   temp         000000
__Ltext                   text         000000
__Ltext0                  text0        000000
__Ltext1                  text1        000000
__Ltext2                  text2        000000
__Ltext3                  text3        000000
__Ltext4                  text4        000000
__Ltext5                  text5        000000
__Ltext6                  text6        000000
__Ltext7                  text7        000000
__Ltext8                  text8        000000
__Ltext9                  text9        000000
__S0                      (abs)        000E18
__S1                      (abs)        00000C
__S4                      (abs)        000000
__S5                      (abs)        000000
___heap_hi                (abs)        000000
___heap_lo                (abs)        000000
___inthi_sp               stack        000000
___intlo_sp               stack        000000
___param_bank             (abs)        000000
___rparam_used            (abs)        000001
___sp                     stack        000000
__accesstop               (abs)        000060
__activetblptr            (abs)        000002
__end_of_Keypad_Get_Char  text9        000B2E
__end_of_Keypad_Init      text8        000DFE
__end_of_Lcd_Clear        text5        000E0C
__end_of_Lcd_Cmd          text6        000DEE
__end_of_Lcd_Init         text4        000C8C
__end_of_Lcd_Port         text7        000D44
__end_of_Lcd_Set_Cursor   text3        000C00
__end_of_Lcd_Write_Char   text2        000DCE
__end_of_Lcd_Write_String text1        000D9A
__end_of__initialization  cinit        000E0E
__end_of_main             text0        000CE8
__initialization          cinit        000E0C
__mediumconst             mediumconst  000000
__pbssCOMRAM              bssCOMRAM    00000B
__pcinit                  cinit        000E0C
__pcstackCOMRAM           cstackCOMRAM 000001
__psmallconst             smallconst   000800
__ptext0                  text0        000C8C
__ptext1                  text1        000D44
__ptext2                  text2        000D9A
__ptext3                  text3        000B2E
__ptext4                  text4        000C00
__ptext5                  text5        000DFE
__ptext6                  text6        000DCE
__ptext7                  text7        000CE8
__ptext8                  text8        000DEE
__ptext9                  text9        00080A
__ramtop                  ramtop       000800
__smallconst              smallconst   000800
_main                     text0        000C8C
_tecla                    bssCOMRAM    00000B
end_of_initialization     cinit        000E0E
intlevel0                 text         000000
intlevel1                 text         000000
intlevel2                 text         000000
intlevel3                 text         000000
isa$std                   (abs)        000001
isa$xinst                 (abs)        000000
stackhi                   (abs)        000000
stacklo                   (abs)        000000
start                     init         000000
start_initialization      cinit        000E0C


MODULE INFORMATION

Module		Function		Class		Link	Load	Size
kbd4x4.c
		_Keypad_Init   		CODE           	0DEE	0000	16
		_Keypad_Get_Char		CODE           	080A	0000	804

kbd4x4.c estimated size: 820

Main_program.c
		_main          		CODE           	0C8C	0000	92

Main_program.c estimated size: 92

shared
		__initialization		CODE           	0E0C	0000	2

shared estimated size: 2

lcd.c
		_Lcd_Write_String		CODE           	0D44	0000	86
		_Lcd_Init      		CODE           	0C00	0000	140
		_Lcd_Write_Char		CODE           	0D9A	0000	52
		_Lcd_Cmd       		CODE           	0DCE	0000	32
		_Lcd_Set_Cursor		CODE           	0B2E	0000	210
		_Lcd_Clear     		CODE           	0DFE	0000	14
		_Lcd_Port      		CODE           	0CE8	0000	92

lcd.c estimated size: 626

