Microchip MPLAB XC8 Compiler V2.40

Linker command line:

-W-3 \
  --edf=C:/Users/ARKICK/.mchp_packs/Microchip/PIC18Fxxxx_DFP/1.4.151/xc8\pic\dat\20230323171731_en.msgs \
  -cn -h+dist/default/production\FILLING_MACHINE3.0.X.production.sym \
  --cmf=dist/default/production\FILLING_MACHINE3.0.X.production.cmf -z \
  -Q18F4550 -oC:\Users\ARKICK\AppData\Local\Temp\xcAsjjc.4 \
  --defsym=__MPLAB_BUILD=1 --fixupoverflow=error \
  -Mdist/default/production/FILLING_MACHINE3.0.X.production.map \
  --md=C:\Users\ARKICK\AppData\Local\Temp\xcAsjjc.dat -E1 -ver=XC8 Compiler \
  --acfsm=1493 -ACODE=00h-07FFFh -ACONST=00h-07FFFh \
  -ASMALLCONST=0800h-08FFhx120 -AMEDIUMCONST=0800h-07FFFh -ACOMRAM=01h-05Fh \
  -AABS1=00h-07FFh -ABIGRAM=01h-07FFh -ARAM=060h-0FFh,0100h-01FFhx7 \
  -ABANK0=060h-0FFh -ABANK1=0100h-01FFh -ABANK2=0200h-02FFh \
  -ABANK3=0300h-03FFh -ABANK4=0400h-04FFh -ABANK5=0500h-05FFh \
  -ABANK6=0600h-06FFh -ABANK7=0700h-07FFh -ASFR=0F60h-0FFFh \
  -ABIGSFR=0F60h-0FFFh -ACONFIG=0300000h-030000Dh -AIDLOC=0200000h-0200007h \
  -AEEDATA=0F00000h-0F000FFh -peeprom_data=EEDATA \
  -preset_vec=00h,intcode=08h,intcodelo,powerup,init -pramtop=0800h \
  -psmallconst=SMALLCONST -pmediumconst=MEDIUMCONST -pconst=CONST \
  -AFARRAM=00h-00h \
  -prdata=COMRAM,nvrram=COMRAM,nvbit=COMRAM,rbss=COMRAM,rbit=COMRAM \
  -pfarbss=FARRAM,fardata=FARRAM,nvFARRAM=FARRAM \
  -pintsave_regs=BIGRAM,bigbss=BIGRAM,bigdata=BIGRAM -pbss=RAM \
  -pidata=CODE,irdata=CODE,ibigdata=CODE,ifardata=CODE -prparam=COMRAM \
  C:\Users\ARKICK\AppData\Local\Temp\xcAsjjc.o \
  dist/default/production\FILLING_MACHINE3.0.X.production.o 

Object code version is 3.11

Machine type is 18F4550



                Name                               Link     Load   Length Selector   Space Scale
C:\Users\ARKICK\AppData\Local\Temp\xcAsjjc.o
                idloc                            200000   200000        8        0       5
                config                           300000   300000        E        0       4
                init                                  E        E        4        4       0
                reset_vec                             0        0        4        0       0
dist/default/production\FILLING_MACHINE3.0.X.production.o
                intcode                               8        8        6        4       0
                idloc                            200000   200000        8        0       5
                config                           300000   300000        E        0       4
                temp                                 5D       5D        1        1       1
                smallconst                          800      800       6E      400       0
                intcode_body                       2508     2508       40      437       0
                text30                             23C8     23C8       5C      437       0
                text29                             25E0     25E0       20      437       0
                text28                             264E     264E        E      437       0
                text27                             1FD8     1FD8       D2      437       0
                text26                             2586     2586       34      437       0
                text25                             22D0     22D0       7E      437       0
                text24                             2640     2640        E      437       0
                text23                             1DE4     1DE4      104      437       0
                text22                              86E      86E      42A      437       0
                text21                             1CDE     1CDE      106      437       0
                text20                             18B0     18B0      1B4      437       0
                text19                             1EE8     1EE8       F0      437       0
                text18                             20AA     20AA       D0      437       0
                text17                             265C     265C        2      437       0
                text16                             217A     217A       CA      437       0
                text15                             24C4     24C4       44      437       0
                text14                             234E     234E       7A      437       0
                text13                             16F0     16F0      1C0      437       0
                text12                             1A64     1A64      164      437       0
                text11                             2476     2476       4E      437       0
                text10                             2424     2424       52      437       0
                text9                               FBC      FBC      2A0      437       0
                text8                              2614     2614       10      437       0
                text7                              2244     2244       8C      437       0
                text6                               C98      C98      324      437       0
                text5                              2632     2632        E      437       0
                text4                              2624     2624        E      437       0
                text3                              25BA     25BA       26      437       0
                text2                              125C     125C      29A      437       0
                text1                              1BC8     1BC8      116      437       0
                text0                              14F6     14F6      1FA      437       0
                cstackCOMRAM                          1        1       5A        1       1
                cstackBANK0                          AA       AA       15       60       1
                dataBANK0                            BF       BF       14       60       1
                bssBANK0                             60       60       4A       60       1
                bssCOMRAM                            5B       5B        2        1       1
                cinit                              2548     2548       3E      437       0
                idataBANK0                         2600     2600       14      437       0

TOTAL           Name                               Link     Load   Length     Space
        CLASS   CODE           
                intcode                               8        8        6         0
                init                                  E        E        4         0
                reset_vec                             0        0        4         0
                intcode_body                       2508     2508       40         0
                text30                             23C8     23C8       5C         0
                text29                             25E0     25E0       20         0
                text28                             264E     264E        E         0
                text27                             1FD8     1FD8       D2         0
                text26                             2586     2586       34         0
                text25                             22D0     22D0       7E         0
                text24                             2640     2640        E         0
                text23                             1DE4     1DE4      104         0
                text22                              86E      86E      42A         0
                text21                             1CDE     1CDE      106         0
                text20                             18B0     18B0      1B4         0
                text19                             1EE8     1EE8       F0         0
                text18                             20AA     20AA       D0         0
                text17                             265C     265C        2         0
                text16                             217A     217A       CA         0
                text15                             24C4     24C4       44         0
                text14                             234E     234E       7A         0
                text13                             16F0     16F0      1C0         0
                text12                             1A64     1A64      164         0
                text11                             2476     2476       4E         0
                text10                             2424     2424       52         0
                text9                               FBC      FBC      2A0         0
                text8                              2614     2614       10         0
                text7                              2244     2244       8C         0
                text6                               C98      C98      324         0
                text5                              2632     2632        E         0
                text4                              2624     2624        E         0
                text3                              25BA     25BA       26         0
                text2                              125C     125C      29A         0
                text1                              1BC8     1BC8      116         0
                text0                              14F6     14F6      1FA         0
                cinit                              2548     2548       3E         0
                idataBANK0                         2600     2600       14         0

        CLASS   CONST          

        CLASS   SMALLCONST     
                smallconst                          800      800       6E         0

        CLASS   MEDIUMCONST    

        CLASS   COMRAM         
                temp                                 5D       5D        1         1
                cstackCOMRAM                          1        1       5A         1
                bssCOMRAM                            5B       5B        2         1

        CLASS   ABS1           

        CLASS   BIGRAM         

        CLASS   RAM            

        CLASS   BANK0          
                cstackBANK0                          AA       AA       15         1
                dataBANK0                            BF       BF       14         1
                bssBANK0                             60       60       4A         1

        CLASS   BANK1          

        CLASS   BANK2          

        CLASS   BANK3          

        CLASS   BANK4          

        CLASS   BANK5          

        CLASS   BANK6          

        CLASS   BANK7          

        CLASS   SFR            

        CLASS   BIGSFR         

        CLASS   CONFIG         
                config                           300000   300000        E         4

        CLASS   IDLOC          
                idloc                            200000   200000        8         5

        CLASS   EEDATA         

        CLASS   FARRAM         

        CLASS   HEAP           

        CLASS   STACK          



SEGMENTS        Name                           Load    Length   Top    Selector   Space  Class

                reset_vec                      000000  000004  000004         0       0  CODE    
                cstackCOMRAM                   000001  00005D  00005E         1       1  COMRAM  
                intcode                        000008  00000A  000012         4       0  CODE    
                bssBANK0                       000060  000073  0000D3        60       1  BANK0   
                smallconst                     000800  00006E  00086E       400       0  SMALLCON
                text22                         00086E  001DF0  00265E       437       0  CODE    


UNUSED ADDRESS RANGES

        Name                Unused          Largest block    Delta
        BANK0            0000D3-0000FF               2D
        BANK1            000100-0001FF              100
        BANK2            000200-0002FF              100
        BANK3            000300-0003FF              100
        BANK4            000400-0004FF              100
        BANK5            000500-0005FF              100
        BANK6            000600-0006FF              100
        BANK7            000700-0007FF              100
        BIGRAM           00005E-00005F                2
                         0000D3-0007FF              72D
        BIGSFR           000F60-000FFF               A0
        CODE             000004-000007                4
                         000012-0007FF              7EE
                         00265E-007FFF             59A2
        COMRAM           00005E-00005F                2
        CONST            000004-000007                4
                         000012-0007FF              7EE
                         00265E-007FFF             59A2
        EEDATA           F00000-F000FF              100
        MEDIUMCONST      00265E-007FFF             59A2
        RAM              0000D3-0007FF              100
        SFR              000F60-000FFF               A0
        SMALLCONST       00265E-007FFF              100

                                  Symbol Table

?___flmul                 cstackCOMRAM 000010
?___fltol                 cstackCOMRAM 000029
?___lodiv                 cstackCOMRAM 000002
?___lomod                 cstackCOMRAM 000002
?___wmul                  cstackCOMRAM 000002
?___xxtofl                cstackCOMRAM 000002
?_sprintf                 cstackBANK0  0000AA
?_vfprintf                cstackCOMRAM 000051
Lcd_Cmd@a                 cstackCOMRAM 000004
Lcd_Port@a                cstackCOMRAM 000002
Lcd_Set_Cursor@a          cstackCOMRAM 000006
Lcd_Set_Cursor@b          cstackCOMRAM 000005
Lcd_Set_Cursor@temp       cstackCOMRAM 000009
Lcd_Set_Cursor@y          cstackCOMRAM 000008
Lcd_Set_Cursor@z          cstackCOMRAM 000007
Lcd_Write_Char@a          cstackCOMRAM 000005
Lcd_Write_Char@temp       cstackCOMRAM 000003
Lcd_Write_Char@y          cstackCOMRAM 000004
Lcd_Write_String@a        cstackCOMRAM 000006
Lcd_Write_String@i        cstackCOMRAM 00000A
WELCOME@a                 cstackCOMRAM 00000C
WELCOME@a_641             cstackCOMRAM 00000E
_ADCON1bits               (abs)        000FC1
_CAL                      dataBANK0    0000CF
_CANT                     dataBANK0    0000BF
_CCP1CON                  (abs)        000FBD
_CCP2CON                  (abs)        000FBA
_CCPR1L                   (abs)        000FBE
_CCPR2L                   (abs)        000FBB
_CURRENT_OPTION           bssBANK0     000074
_FILL                     text9        000FBC
_INTCONbits               (abs)        000FF2
_ISR_TIMER0               intcode      000008
_Keypad_Get_Char          text6        000C98
_Keypad_Init              text8        002614
_LATAbits                 (abs)        000F89
_LATB                     (abs)        000F8A
_LATBbits                 (abs)        000F8A
_LATC                     (abs)        000F8B
_LATCbits                 (abs)        000F8B
_LATE                     (abs)        000F8D
_LATEbits                 (abs)        000F8D
_Lcd_Blink                text5        002632
_Lcd_Clear                text28       00264E
_Lcd_Cmd                  text29       0025E0
_Lcd_Init                 text7        002244
_Lcd_NoBlink              text4        002624
_Lcd_Port                 text30       0023C8
_Lcd_Set_Cursor           text27       001FD8
_Lcd_Write_Char           text26       002586
_Lcd_Write_String         text25       0022D0
_N                        bssBANK0     00007A
_PORTAbits                (abs)        000F80
_PORTBbits                (abs)        000F81
_PORTDbits                (abs)        000F83
_PR2                      (abs)        000FCB
_PULSE                    bssBANK0     000078
_PULSES_TO_REACH          bssBANK0     000060
_Perfil                   dataBANK0    0000CA
_SELECTED2                bssBANK0     00007D
_STRING_VALUE_IN_ML       bssBANK0     0000A0
_STRING_VAL_TYPED         bssBANK0     0000A5
_T0CONbits                (abs)        000FD5
_T2CON                    (abs)        000FCA
_TMR0L                    (abs)        000FD6
_TMR0_COUNT               text24       002640
_TMR2                     (abs)        000FCC
_TMR2ON                   (abs)        007E52
_TRISAbits                (abs)        000F92
_TRISBbits                (abs)        000F93
_TRISCbits                (abs)        000F94
_TRISDbits                (abs)        000F95
_TRISEbits                (abs)        000F96
_USER_VALUE               text2        00125C
_VALUE_IN_ML              bssBANK0     000076
_VAL_TYPED                bssBANK0     000072
_WELCOME                  text1        001BC8
__CHAR1                   bssBANK0     00007E
__CHAR2                   bssBANK0     00007F
__CHAR3                   bssCOMRAM    00005B
__CHAR4                   bssCOMRAM    00005C
__HRAM                    (abs)        000000
__Habs1                   abs1         000000
__Hbank0                  bank0        000000
__Hbank1                  bank1        000000
__Hbank2                  bank2        000000
__Hbank3                  bank3        000000
__Hbank4                  bank4        000000
__Hbank5                  bank5        000000
__Hbank6                  bank6        000000
__Hbank7                  bank7        000000
__Hbigbss                 bigbss       000000
__Hbigdata                bigdata      000000
__Hbigram                 bigram       000000
__Hbigsfr                 bigsfr       000000
__Hbss                    bss          000000
__HbssBANK0               bssBANK0     000000
__HbssCOMRAM              bssCOMRAM    000000
__Hcinit                  cinit        000000
__Hclrtext                clrtext      000000
__Hcomram                 comram       000000
__Hconfig                 config       30000E
__Hconst                  const        000000
__HcstackBANK0            cstackBANK0  000000
__HcstackCOMRAM           cstackCOMRAM 000000
__Hdata                   data         000000
__HdataBANK0              dataBANK0    000000
__Heeprom_data            eeprom_data  000000
__Hfarbss                 farbss       000000
__Hfardata                fardata      000000
__Hheap                   heap         000000
__Hibigdata               ibigdata     000000
__Hidata                  idata        000000
__HidataBANK0             idataBANK0   000000
__Hidloc                  idloc        200008
__Hifardata               ifardata     000000
__Hinit                   init         000012
__Hintcode                intcode      00000E
__Hintcode_body           intcode_body 000000
__Hintcodelo              intcodelo    00000E
__Hintentry               intentry     000000
__Hintret                 intret       000000
__Hintsave_regs           intsave_regs 000000
__Hirdata                 irdata       000000
__Hmediumconst            mediumconst  000000
__HnvFARRAM               nvFARRAM     000000
__Hnvbit                  nvbit        000000
__Hnvrram                 nvrram       000000
__Hparam                  rparam       000000
__Hpowerup                powerup      00000E
__Hram                    ram          000000
__Hramtop                 ramtop       000800
__Hrbit                   rbit         000000
__Hrbss                   rbss         000000
__Hrdata                  rdata        000000
__Hreset_vec              reset_vec    000004
__Hrparam                 rparam       000000
__Hsfr                    sfr          000000
__Hsmallconst             smallconst   00086E
__Hspace_0                (abs)        00265E
__Hspace_1                (abs)        0000D3
__Hspace_2                (abs)        000000
__Hspace_4                (abs)        60000E
__Hstack                  stack        000000
__Hstruct                 struct       000000
__Htemp                   temp         00005E
__Htext                   text         000000
__Htext0                  text0        000000
__Htext1                  text1        000000
__Htext10                 text10       000000
__Htext11                 text11       000000
__Htext12                 text12       000000
__Htext13                 text13       000000
__Htext14                 text14       000000
__Htext15                 text15       000000
__Htext16                 text16       000000
__Htext17                 text17       000000
__Htext18                 text18       000000
__Htext19                 text19       000000
__Htext2                  text2        000000
__Htext20                 text20       000000
__Htext21                 text21       000000
__Htext22                 text22       000000
__Htext23                 text23       000000
__Htext24                 text24       000000
__Htext25                 text25       000000
__Htext26                 text26       000000
__Htext27                 text27       000000
__Htext28                 text28       000000
__Htext29                 text29       000000
__Htext3                  text3        000000
__Htext30                 text30       000000
__Htext4                  text4        000000
__Htext5                  text5        000000
__Htext6                  text6        000000
__Htext7                  text7        000000
__Htext8                  text8        000000
__Htext9                  text9        000000
__LRAM                    (abs)        000001
__Labs1                   abs1         000000
__Lbank0                  bank0        000000
__Lbank1                  bank1        000000
__Lbank2                  bank2        000000
__Lbank3                  bank3        000000
__Lbank4                  bank4        000000
__Lbank5                  bank5        000000
__Lbank6                  bank6        000000
__Lbank7                  bank7        000000
__Lbigbss                 bigbss       000000
__Lbigdata                bigdata      000000
__Lbigram                 bigram       000000
__Lbigsfr                 bigsfr       000000
__Lbss                    bss          000000
__LbssBANK0               bssBANK0     000000
__LbssCOMRAM              bssCOMRAM    000000
__Lcinit                  cinit        000000
__Lclrtext                clrtext      000000
__Lcomram                 comram       000000
__Lconfig                 config       000000
__Lconst                  const        000000
__LcstackBANK0            cstackBANK0  000000
__LcstackCOMRAM           cstackCOMRAM 000000
__Ldata                   data         000000
__LdataBANK0              dataBANK0    000000
__Leeprom_data            eeprom_data  000000
__Lfarbss                 farbss       000000
__Lfardata                fardata      000000
__Lheap                   heap         000000
__Libigdata               ibigdata     000000
__Lidata                  idata        000000
__LidataBANK0             idataBANK0   000000
__Lidloc                  idloc        000000
__Lifardata               ifardata     000000
__Linit                   init         00000E
__Lintcode                intcode      000008
__Lintcode_body           intcode_body 000000
__Lintcodelo              intcodelo    00000E
__Lintentry               intentry     000000
__Lintret                 intret       000000
__Lintsave_regs           intsave_regs 000000
__Lirdata                 irdata       000000
__Lmediumconst            mediumconst  000000
__LnvFARRAM               nvFARRAM     000000
__Lnvbit                  nvbit        000000
__Lnvrram                 nvrram       000000
__Lparam                  rparam       000000
__Lpowerup                powerup      00000E
__Lram                    ram          000000
__Lramtop                 ramtop       000800
__Lrbit                   rbit         000000
__Lrbss                   rbss         000000
__Lrdata                  rdata        000000
__Lreset_vec              reset_vec    000000
__Lrparam                 rparam       000000
__Lsfr                    sfr          000000
__Lsmallconst             smallconst   000800
__Lspace_0                (abs)        000000
__Lspace_1                (abs)        000000
__Lspace_2                (abs)        000000
__Lspace_4                (abs)        000000
__Lstack                  stack        000000
__Lstruct                 struct       000000
__Ltemp                   temp         00005D
__Ltext                   text         000000
__Ltext0                  text0        000000
__Ltext1                  text1        000000
__Ltext10                 text10       000000
__Ltext11                 text11       000000
__Ltext12                 text12       000000
__Ltext13                 text13       000000
__Ltext14                 text14       000000
__Ltext15                 text15       000000
__Ltext16                 text16       000000
__Ltext17                 text17       000000
__Ltext18                 text18       000000
__Ltext19                 text19       000000
__Ltext2                  text2        000000
__Ltext20                 text20       000000
__Ltext21                 text21       000000
__Ltext22                 text22       000000
__Ltext23                 text23       000000
__Ltext24                 text24       000000
__Ltext25                 text25       000000
__Ltext26                 text26       000000
__Ltext27                 text27       000000
__Ltext28                 text28       000000
__Ltext29                 text29       000000
__Ltext3                  text3        000000
__Ltext30                 text30       000000
__Ltext4                  text4        000000
__Ltext5                  text5        000000
__Ltext6                  text6        000000
__Ltext7                  text7        000000
__Ltext8                  text8        000000
__Ltext9                  text9        000000
__S0                      (abs)        00265E
__S1                      (abs)        0000D3
__S4                      (abs)        000000
__S5                      (abs)        000000
___flge                   text23       001DE4
___flge@ff1               cstackCOMRAM 000010
___flge@ff2               cstackCOMRAM 000014
___flmul                  text22       00086E
___flmul@a                cstackCOMRAM 000014
___flmul@aexp             cstackCOMRAM 000021
___flmul@b                cstackCOMRAM 000010
___flmul@bexp             cstackCOMRAM 000022
___flmul@grs              cstackCOMRAM 00001D
___flmul@prod             cstackCOMRAM 000023
___flmul@sign             cstackCOMRAM 00001C
___flmul@temp             cstackCOMRAM 000027
___fltol                  text21       001CDE
___fltol@exp1             cstackCOMRAM 000032
___fltol@f1               cstackCOMRAM 000029
___fltol@sign1            cstackCOMRAM 000031
___heap_hi                (abs)        000000
___heap_lo                (abs)        000000
___inthi_sp               stack        000000
___intlo_sp               stack        000000
___lodiv                  text19       001EE8
___lodiv@counter          cstackCOMRAM 00001A
___lodiv@dividend         cstackCOMRAM 000002
___lodiv@divisor          cstackCOMRAM 00000A
___lodiv@quotient         cstackCOMRAM 000012
___lomod                  text18       0020AA
___lomod@counter          cstackCOMRAM 000012
___lomod@dividend         cstackCOMRAM 000002
___lomod@divisor          cstackCOMRAM 00000A
___param_bank             (abs)        000000
___rparam_used            (abs)        000001
___sp                     stack        000000
___wmul                   text3        0025BA
___wmul@multiplicand      cstackCOMRAM 000004
___wmul@multiplier        cstackCOMRAM 000002
___wmul@product           cstackCOMRAM 000006
___xxtofl                 text20       0018B0
___xxtofl@arg             cstackCOMRAM 00000C
___xxtofl@exp             cstackCOMRAM 00000B
___xxtofl@sign            cstackCOMRAM 00000A
___xxtofl@val             cstackCOMRAM 000002
__accesstop               (abs)        000060
__activetblptr            (abs)        000002
__end_of_FILL             text9        00125C
__end_of_ISR_TIMER0       intcode_body 002548
__end_of_Keypad_Get_Char  text6        000FBC
__end_of_Keypad_Init      text8        002624
__end_of_Lcd_Blink        text5        002640
__end_of_Lcd_Clear        text28       00265C
__end_of_Lcd_Cmd          text29       002600
__end_of_Lcd_Init         text7        0022D0
__end_of_Lcd_NoBlink      text4        002632
__end_of_Lcd_Port         text30       002424
__end_of_Lcd_Set_Cursor   text27       0020AA
__end_of_Lcd_Write_Char   text26       0025BA
__end_of_Lcd_Write_String text25       00234E
__end_of_TMR0_COUNT       text24       00264E
__end_of_USER_VALUE       text2        0014F6
__end_of_WELCOME          text1        001CDE
__end_of___flge           text23       001EE8
__end_of___flmul          text22       000C98
__end_of___fltol          text21       001DE4
__end_of___lodiv          text19       001FD8
__end_of___lomod          text18       00217A
__end_of___wmul           text3        0025E0
__end_of___xxtofl         text20       001A64
__end_of__initialization  cinit        002578
__end_of_fputc            text16       002244
__end_of_fputs            text15       002508
__end_of_hand             smallconst   000809
__end_of_main             text0        0016F0
__end_of_pad              text14       0023C8
__end_of_putch            text17       00265E
__end_of_sprintf          text10       002476
__end_of_utoa             text13       0018B0
__end_of_vfpfcnvrt        text12       001BC8
__end_of_vfprintf         text11       0024C4
__initialization          cinit        002548
__mediumconst             mediumconst  000000
__pbssBANK0               bssBANK0     000060
__pbssCOMRAM              bssCOMRAM    00005B
__pcinit                  cinit        002548
__pcstackBANK0            cstackBANK0  0000AA
__pcstackCOMRAM           cstackCOMRAM 000001
__pdataBANK0              dataBANK0    0000BF
__pidataBANK0             idataBANK0   002600
__pintcode                intcode      000008
__pintcode_body           intcode_body 002508
__psmallconst             smallconst   000800
__ptext0                  text0        0014F6
__ptext1                  text1        001BC8
__ptext10                 text10       002424
__ptext11                 text11       002476
__ptext12                 text12       001A64
__ptext13                 text13       0016F0
__ptext14                 text14       00234E
__ptext15                 text15       0024C4
__ptext16                 text16       00217A
__ptext17                 text17       00265C
__ptext18                 text18       0020AA
__ptext19                 text19       001EE8
__ptext2                  text2        00125C
__ptext20                 text20       0018B0
__ptext21                 text21       001CDE
__ptext22                 text22       00086E
__ptext23                 text23       001DE4
__ptext24                 text24       002640
__ptext25                 text25       0022D0
__ptext26                 text26       002586
__ptext27                 text27       001FD8
__ptext28                 text28       00264E
__ptext29                 text29       0025E0
__ptext3                  text3        0025BA
__ptext30                 text30       0023C8
__ptext4                  text4        002624
__ptext5                  text5        002632
__ptext6                  text6        000C98
__ptext7                  text7        002244
__ptext8                  text8        002614
__ptext9                  text9        000FBC
__ramtop                  ramtop       000800
__smallconst              smallconst   000800
_dbuf                     bssBANK0     000080
_flags                    bssBANK0     00007C
_flow_pulse               bssBANK0     000070
_fputc                    text16       00217A
_fputs                    text15       0024C4
_hand                     smallconst   000801
_main                     text0        0014F6
_num1                     bssBANK0     000068
_num2                     bssBANK0     00006A
_num3                     bssBANK0     00006C
_num4                     bssBANK0     00006E
_pad                      text14       00234E
_prec                     bssBANK0     000066
_putch                    text17       00265C
_sprintf                  text10       002424
_utoa                     text13       0016F0
_vfpfcnvrt                text12       001A64
_vfprintf                 text11       002476
_width                    bssBANK0     000064
btemp                     temp         00005D
end_of_initialization     cinit        002578
fputc@c                   cstackCOMRAM 000002
fputc@fp                  cstackCOMRAM 000004
fputs@c                   cstackCOMRAM 00000F
fputs@fp                  cstackCOMRAM 00000D
fputs@i                   cstackCOMRAM 000010
fputs@s                   cstackCOMRAM 00000B
int$flags                 temp         00005D
int_func                  intcode_body 002508
intlevel0                 text         000000
intlevel1                 text         000000
intlevel2                 text         000000
intlevel3                 text         000000
isa$std                   (abs)        000001
isa$xinst                 (abs)        000000
pad@buf                   cstackCOMRAM 000014
pad@fp                    cstackCOMRAM 000012
pad@i                     cstackCOMRAM 000019
pad@p                     cstackCOMRAM 000016
pad@w                     cstackCOMRAM 00001B
sprintf@ap                cstackBANK0  0000B0
sprintf@f                 cstackBANK0  0000B2
sprintf@fmt               cstackBANK0  0000AC
sprintf@s                 cstackBANK0  0000AA
stackhi                   (abs)        000000
stacklo                   (abs)        000000
start                     init         00000E
start_initialization      cinit        002548
ttemp5                    temp         00005E
ttemp6                    temp         000061
ttemp7                    temp         000065
utoa@d                    cstackCOMRAM 00001F
utoa@fp                   cstackCOMRAM 00001D
utoa@i                    cstackCOMRAM 00003B
utoa@n                    cstackCOMRAM 000033
utoa@p                    cstackCOMRAM 000031
utoa@w                    cstackCOMRAM 00002F
vfpfcnvrt@ap              cstackCOMRAM 000041
vfpfcnvrt@convarg         cstackCOMRAM 000047
vfpfcnvrt@cp              cstackCOMRAM 00004F
vfpfcnvrt@fmt             cstackCOMRAM 00003F
vfpfcnvrt@fp              cstackCOMRAM 00003D
vfprintf@ap               cstackCOMRAM 000055
vfprintf@cfmt             cstackCOMRAM 000057
vfprintf@fmt              cstackCOMRAM 000053
vfprintf@fp               cstackCOMRAM 000051
wtemp8                    temp         00005E


MODULE INFORMATION

Module		Function		Class		Link	Load	Size
C:\Program Files\Microchip\xc8\v2.40\pic\sources\c99\common\sprcmul.c
		___flmul       		CODE           	086E	0000	1066

C:\Program Files\Microchip\xc8\v2.40\pic\sources\c99\common\sprcmul.c estimated size: 1066

C:\Program Files\Microchip\xc8\v2.40\pic\sources\c99\common\nf_fputc.c
		_fputc         		CODE           	217A	0000	202

C:\Program Files\Microchip\xc8\v2.40\pic\sources\c99\common\nf_fputc.c estimated size: 202

C:\Program Files\Microchip\xc8\v2.40\pic\sources\c99\common\nf_sprintf.c
		_sprintf       		CODE           	2424	0000	82

C:\Program Files\Microchip\xc8\v2.40\pic\sources\c99\common\nf_sprintf.c estimated size: 82

C:\Program Files\Microchip\xc8\v2.40\pic\sources\c99\common\fltol.c
		___fltol       		CODE           	1CDE	0000	262

C:\Program Files\Microchip\xc8\v2.40\pic\sources\c99\common\fltol.c estimated size: 262

kbd4x4.c
		_Keypad_Init   		CODE           	2614	0000	16
		_Keypad_Get_Char		CODE           	0C98	0000	804

kbd4x4.c estimated size: 820

C:\Program Files\Microchip\xc8\v2.40\pic\sources\c99\common\Umul16.c
		___wmul        		CODE           	25BA	0000	38

C:\Program Files\Microchip\xc8\v2.40\pic\sources\c99\common\Umul16.c estimated size: 38

Main_program.c
		_TMR0_COUNT    		CODE           	2640	0000	14
		_WELCOME       		CODE           	1BC8	0000	278
		_FILL          		CODE           	0FBC	0000	672
		_main          		CODE           	14F6	0000	506
		_USER_VALUE    		CODE           	125C	0000	666
		_ISR_TIMER0    		CODE           	0008	0000	70

Main_program.c estimated size: 2206

C:\Program Files\Microchip\xc8\v2.40\pic\sources\c99\common\xxtofl.c
		___xxtofl      		CODE           	18B0	0000	436

C:\Program Files\Microchip\xc8\v2.40\pic\sources\c99\common\xxtofl.c estimated size: 436

C:\Program Files\Microchip\xc8\v2.40\pic\sources\c99\common\nf_fputs.c
		_fputs         		CODE           	24C4	0000	68

C:\Program Files\Microchip\xc8\v2.40\pic\sources\c99\common\nf_fputs.c estimated size: 68

C:\Program Files\Microchip\xc8\v2.40\pic\sources\c99\common\lomod.c
		___lomod       		CODE           	20AA	0000	208

C:\Program Files\Microchip\xc8\v2.40\pic\sources\c99\common\lomod.c estimated size: 208

shared
		__initialization		CODE           	2548	0000	48
		_hand          		SMALLCONST     	0801	0000	8

shared estimated size: 56

C:\Program Files\Microchip\xc8\v2.40\pic\sources\c99\common\flge.c
		___flge        		CODE           	1DE4	0000	260

C:\Program Files\Microchip\xc8\v2.40\pic\sources\c99\common\flge.c estimated size: 260

C:\Program Files\Microchip\xc8\v2.40\pic\sources\c99\common\putch.c
		_putch         		CODE           	265C	0000	2

C:\Program Files\Microchip\xc8\v2.40\pic\sources\c99\common\putch.c estimated size: 2

lcd.c
		_Lcd_Write_String		CODE           	22D0	0000	126
		_Lcd_Init      		CODE           	2244	0000	140
		_Lcd_Write_Char		CODE           	2586	0000	52
		_Lcd_Blink     		CODE           	2632	0000	14
		_Lcd_Cmd       		CODE           	25E0	0000	32
		_Lcd_NoBlink   		CODE           	2624	0000	14
		_Lcd_Set_Cursor		CODE           	1FD8	0000	210
		_Lcd_Clear     		CODE           	264E	0000	14
		_Lcd_Port      		CODE           	23C8	0000	92

lcd.c estimated size: 694

C:\Program Files\Microchip\xc8\v2.40\pic\sources\c99\common\doprnt.c
		_vfpfcnvrt     		CODE           	1A64	0000	356
		_pad           		CODE           	234E	0000	122
		_vfprintf      		CODE           	2476	0000	78
		_utoa          		CODE           	16F0	0000	448

C:\Program Files\Microchip\xc8\v2.40\pic\sources\c99\common\doprnt.c estimated size: 1004

C:\Program Files\Microchip\xc8\v2.40\pic\sources\c99\common\lodiv.c
		___lodiv       		CODE           	1EE8	0000	240

C:\Program Files\Microchip\xc8\v2.40\pic\sources\c99\common\lodiv.c estimated size: 240

