Microchip MPLAB XC8 Compiler V2.40

Linker command line:

-W-3 \
  --edf=C:/Users/ARKICK/.mchp_packs/Microchip/PIC18Fxxxx_DFP/1.4.151/xc8\pic\dat\20230323171731_en.msgs \
  -cn -h+dist/default/production\FILLING_CLIENTE.production.sym \
  --cmf=dist/default/production\FILLING_CLIENTE.production.cmf -z -Q18F4550 \
  -oC:\Users\ARKICK\AppData\Local\Temp\xcAsk0c.4 --defsym=__MPLAB_BUILD=1 \
  --fixupoverflow=error \
  -Mdist/default/production/FILLING_CLIENTE.production.map \
  --md=C:\Users\ARKICK\AppData\Local\Temp\xcAsk0c.dat -E1 -ver=XC8 Compiler \
  --acfsm=1493 -ACODE=00h-07FFFh -ACONST=00h-07FFFh \
  -ASMALLCONST=0800h-08FFhx120 -AMEDIUMCONST=0800h-07FFFh -ACOMRAM=01h-05Fh \
  -AABS1=00h-07FFh -ABIGRAM=01h-07FFh -ARAM=060h-0FFh,0100h-01FFhx7 \
  -ABANK0=060h-0FFh -ABANK1=0100h-01FFh -ABANK2=0200h-02FFh \
  -ABANK3=0300h-03FFh -ABANK4=0400h-04FFh -ABANK5=0500h-05FFh \
  -ABANK6=0600h-06FFh -ABANK7=0700h-07FFh -ASFR=0F60h-0FFFh \
  -ABIGSFR=0F60h-0FFFh -ACONFIG=0300000h-030000Dh -AIDLOC=0200000h-0200007h \
  -AEEDATA=0F00000h-0F000FFh -peeprom_data=EEDATA \
  -preset_vec=00h,intcode=08h,intcodelo,powerup,init -pramtop=0800h \
  -psmallconst=SMALLCONST -pmediumconst=MEDIUMCONST -pconst=CONST \
  -AFARRAM=00h-00h \
  -prdata=COMRAM,nvrram=COMRAM,nvbit=COMRAM,rbss=COMRAM,rbit=COMRAM \
  -pfarbss=FARRAM,fardata=FARRAM,nvFARRAM=FARRAM \
  -pintsave_regs=BIGRAM,bigbss=BIGRAM,bigdata=BIGRAM -pbss=RAM \
  -pidata=CODE,irdata=CODE,ibigdata=CODE,ifardata=CODE -prparam=COMRAM \
  C:\Users\ARKICK\AppData\Local\Temp\xcAsk0c.o \
  dist/default/production\FILLING_CLIENTE.production.o 

Object code version is 3.11

Machine type is 18F4550



                Name                               Link     Load   Length Selector   Space Scale
C:\Users\ARKICK\AppData\Local\Temp\xcAsk0c.o
                idloc                            200000   200000        8        0       5
                config                           300000   300000        E        0       4
                init                                  E        E        4        4       0
                reset_vec                             0        0        4        0       0
dist/default/production\FILLING_CLIENTE.production.o
                intcode                               8        8        6        4       0
                idloc                            200000   200000        8        0       5
                config                           300000   300000        E        0       4
                temp                                 4F       4F        1        1       1
                mediumconst                        7EF6     7EF6      10A     3F7B       0
                text49                              F36      F36      4C0        4       0
                intcode_body                       4194     4194       4C        4       0
                text47                             3FEA     3FEA       5C        4       0
                text46                             43B2     43B2       20        4       0
                text45                             443C     443C        E        4       0
                text44                             3AF6     3AF6       D2        4       0
                text43                             4328     4328       38        4       0
                text42                             3E8C     3E8C       7E        4       0
                text41                             442E     442E        E        4       0
                text40                             3316     3316      1B4        4       0
                text39                             438C     438C       26        4       0
                text38                             4360     4360       2C        4       0
                text37                             4226     4226       46        4       0
                text36                             34CA     34CA      14A        4       0
                text35                             20C6     20C6      39A        4       0
                text34                             3D62     3D62       AA        4       0
                text33                             371A     371A      104        4       0
                text32                             1C9C     1C9C      42A        4       0
                text31                             42F0     42F0       38        4       0
                text30                              A76      A76      4C0        4       0
                text29                             41E0     41E0       46        4       0
                text28                             3614     3614      106        4       0
                text27                             381E     381E       FE        4       0
                text26                             2F02     2F02      216        4       0
                text25                             3F84     3F84       66        4       0
                text24                             4144     4144       50        4       0
                text23                             444A     444A        2        4       0
                text22                             3C98     3C98       CA        4       0
                text21                             426C     426C       44        4       0
                text20                             3F0A     3F0A       7A        4       0
                text19                             42B0     42B0       40        4       0
                text18                               12       12      A64        4       0
                text17                             391C     391C       F0        4       0
                text16                             3BC8     3BC8       D0        4       0
                text15                             3118     3118      1FE        4       0
                text14                             13F6     13F6      46E        4       0
                text13                             40F2     40F2       52        4       0
                text12                             4046     4046       5A        4       0
                text11                             2784     2784      2C4        4       0
                text10                             43E6     43E6       10        4       0
                text9                              4420     4420        E        4       0
                text8                              2A48     2A48      266        4       0
                text7                              4412     4412        E        4       0
                text6                              3E0C     3E0C       80        4       0
                text5                              2460     2460      324        4       0
                text4                              4404     4404        E        4       0
                text3                              43F6     43F6        E        4       0
                text2                              1864     1864      438        4       0
                text1                              3A0C     3A0C       EA        4       0
                text0                              2CAE     2CAE      254        4       0
                cstackCOMRAM                          1        1       3F        1       1
                cstackBANK0                          60       60       6C       60       1
                cstackBANK1                         150      150        D      100       1
                bssBANK1                            100      100       50      100       1
                dataBANK0                            EB       EB       14       60       1
                bssBANK0                             CC       CC       1F       60       1
                bssCOMRAM                            40       40        F        1       1
                cinit                              40A0     40A0       52        4       0
                idataBANK0                         43D2     43D2       14        4       0

TOTAL           Name                               Link     Load   Length     Space
        CLASS   CODE           
                intcode                               8        8        6         0
                init                                  E        E        4         0
                reset_vec                             0        0        4         0
                text49                              F36      F36      4C0         0
                intcode_body                       4194     4194       4C         0
                text47                             3FEA     3FEA       5C         0
                text46                             43B2     43B2       20         0
                text45                             443C     443C        E         0
                text44                             3AF6     3AF6       D2         0
                text43                             4328     4328       38         0
                text42                             3E8C     3E8C       7E         0
                text41                             442E     442E        E         0
                text40                             3316     3316      1B4         0
                text39                             438C     438C       26         0
                text38                             4360     4360       2C         0
                text37                             4226     4226       46         0
                text36                             34CA     34CA      14A         0
                text35                             20C6     20C6      39A         0
                text34                             3D62     3D62       AA         0
                text33                             371A     371A      104         0
                text32                             1C9C     1C9C      42A         0
                text31                             42F0     42F0       38         0
                text30                              A76      A76      4C0         0
                text29                             41E0     41E0       46         0
                text28                             3614     3614      106         0
                text27                             381E     381E       FE         0
                text26                             2F02     2F02      216         0
                text25                             3F84     3F84       66         0
                text24                             4144     4144       50         0
                text23                             444A     444A        2         0
                text22                             3C98     3C98       CA         0
                text21                             426C     426C       44         0
                text20                             3F0A     3F0A       7A         0
                text19                             42B0     42B0       40         0
                text18                               12       12      A64         0
                text17                             391C     391C       F0         0
                text16                             3BC8     3BC8       D0         0
                text15                             3118     3118      1FE         0
                text14                             13F6     13F6      46E         0
                text13                             40F2     40F2       52         0
                text12                             4046     4046       5A         0
                text11                             2784     2784      2C4         0
                text10                             43E6     43E6       10         0
                text9                              4420     4420        E         0
                text8                              2A48     2A48      266         0
                text7                              4412     4412        E         0
                text6                              3E0C     3E0C       80         0
                text5                              2460     2460      324         0
                text4                              4404     4404        E         0
                text3                              43F6     43F6        E         0
                text2                              1864     1864      438         0
                text1                              3A0C     3A0C       EA         0
                text0                              2CAE     2CAE      254         0
                cinit                              40A0     40A0       52         0
                idataBANK0                         43D2     43D2       14         0

        CLASS   CONST          

        CLASS   SMALLCONST     

        CLASS   MEDIUMCONST    
                mediumconst                        7EF6     7EF6      10A         0

        CLASS   COMRAM         
                temp                                 4F       4F        1         1
                cstackCOMRAM                          1        1       3F         1
                bssCOMRAM                            40       40        F         1

        CLASS   ABS1           

        CLASS   BIGRAM         

        CLASS   RAM            

        CLASS   BANK0          
                cstackBANK0                          60       60       6C         1
                dataBANK0                            EB       EB       14         1
                bssBANK0                             CC       CC       1F         1

        CLASS   BANK1          
                cstackBANK1                         150      150        D         1
                bssBANK1                            100      100       50         1

        CLASS   BANK2          

        CLASS   BANK3          

        CLASS   BANK4          

        CLASS   BANK5          

        CLASS   BANK6          

        CLASS   BANK7          

        CLASS   SFR            

        CLASS   BIGSFR         

        CLASS   CONFIG         
                config                           300000   300000        E         4

        CLASS   IDLOC          
                idloc                            200000   200000        8         5

        CLASS   EEDATA         

        CLASS   FARRAM         

        CLASS   HEAP           

        CLASS   STACK          



SEGMENTS        Name                           Load    Length   Top    Selector   Space  Class

                reset_vec                      000000  000004  000004         0       0  CODE    
                cstackCOMRAM                   000001  00004F  000050         1       1  COMRAM  
                intcode                        000008  004444  00444C         4       0  CODE    
                cstackBANK0                    000060  00009F  0000FF        60       1  BANK0   
                bssBANK1                       000100  00005D  00015D       100       1  BANK1   
                mediumconst                    007EF6  00010A  008000      3F7B       0  MEDIUMCO


UNUSED ADDRESS RANGES

        Name                Unused          Largest block    Delta
        BANK0            0000FF-0000FF                1
        BANK1            00015D-0001FF               A3
        BANK2            000200-0002FF              100
        BANK3            000300-0003FF              100
        BANK4            000400-0004FF              100
        BANK5            000500-0005FF              100
        BANK6            000600-0006FF              100
        BANK7            000700-0007FF              100
        BIGRAM           000050-00005F               10
                         0000FF-0000FF                1
                         00015D-0007FF              6A3
        BIGSFR           000F60-000FFF               A0
        CODE             000004-000007                4
                         00444C-007EF5             3AAA
        COMRAM           000050-00005F               10
        CONST            000004-000007                4
                         00444C-007EF5             3AAA
        EEDATA           F00000-F000FF              100
        MEDIUMCONST      00444C-007EF5             3AAA
        RAM              0000FF-0000FF                1
                         00015D-0007FF              100
        SFR              000F60-000FFF               A0
        SMALLCONST       00444C-007EF5              100

                                  Symbol Table

?___fladd                     cstackCOMRAM 000011
?___fldiv                     cstackCOMRAM 00001F
?___flmul                     cstackCOMRAM 000011
?___flneg                     cstackCOMRAM 000011
?___flsub                     cstackCOMRAM 00002A
?___fltol                     cstackCOMRAM 000011
?___fpclassifyf               cstackCOMRAM 000011
?___lodiv                     cstackCOMRAM 000011
?___lomod                     cstackCOMRAM 000011
?___wmul                      cstackCOMRAM 000011
?___xxtofl                    cstackCOMRAM 000011
?_atoi                        cstackCOMRAM 000017
?_floorf                      cstackCOMRAM 000038
?_isdigit                     cstackCOMRAM 000011
?_isspace                     cstackCOMRAM 000011
?_labs                        cstackCOMRAM 000011
?_sprintf                     cstackBANK0  0000C0
?_vfprintf                    cstackBANK0  0000BA
?i2___fladd                   cstackCOMRAM 000001
Lcd_CGRAM_CreateChar@add      cstackCOMRAM 00001B
Lcd_CGRAM_CreateChar@chardata cstackCOMRAM 000015
Lcd_CGRAM_CreateChar@i        cstackCOMRAM 00001C
Lcd_CGRAM_CreateChar@i_811    cstackCOMRAM 00001D
Lcd_CGRAM_CreateChar@i_812    cstackCOMRAM 00001E
Lcd_CGRAM_CreateChar@i_813    cstackCOMRAM 00001F
Lcd_CGRAM_CreateChar@i_814    cstackCOMRAM 000020
Lcd_CGRAM_CreateChar@i_815    cstackCOMRAM 000021
Lcd_CGRAM_CreateChar@i_816    cstackCOMRAM 000022
Lcd_CGRAM_CreateChar@i_817    cstackCOMRAM 000023
Lcd_Cmd@a                     cstackCOMRAM 000013
Lcd_Port@a                    cstackCOMRAM 000011
Lcd_Set_Cursor@a              cstackCOMRAM 000015
Lcd_Set_Cursor@b              cstackCOMRAM 000014
Lcd_Set_Cursor@temp           cstackCOMRAM 000018
Lcd_Set_Cursor@y              cstackCOMRAM 000017
Lcd_Set_Cursor@z              cstackCOMRAM 000016
Lcd_Write_Char@a              cstackCOMRAM 000014
Lcd_Write_Char@temp           cstackCOMRAM 000012
Lcd_Write_Char@y              cstackCOMRAM 000013
Lcd_Write_String@a            cstackCOMRAM 000015
Lcd_Write_String@i            cstackCOMRAM 000019
WELCOME@a                     cstackCOMRAM 00001B
WELCOME@a_621                 cstackCOMRAM 00001D
_ADCON1bits                   (abs)        000FC1
_CAL                          dataBANK0    0000FB
_CURRENT_OPTION               bssCOMRAM    00004A
_FILL                         text11       002784
_INTCONbits                   (abs)        000FF2
_ISR_TIMER0                   intcode      000008
_Keypad_Get_Char              text5        002460
_Keypad_Init                  text10       0043E6
_LATAbits                     (abs)        000F89
_LATB                         (abs)        000F8A
_LATBbits                     (abs)        000F8A
_LATC                         (abs)        000F8B
_LATCbits                     (abs)        000F8B
_LATE                         (abs)        000F8D
_Lcd_Blink                    text4        004404
_Lcd_CGRAM_Close              text9        004420
_Lcd_CGRAM_CreateChar         text8        002A48
_Lcd_CGRAM_Init               text7        004412
_Lcd_Clear                    text45       00443C
_Lcd_Cmd                      text46       0043B2
_Lcd_Init                     text6        003E0C
_Lcd_NoBlink                  text3        0043F6
_Lcd_Port                     text47       003FEA
_Lcd_Set_Cursor               text44       003AF6
_Lcd_Write_Char               text43       004328
_Lcd_Write_String             text42       003E8C
_NAME1                        dataBANK0    0000EB
_NAME2                        dataBANK0    0000F6
_OSCCON                       (abs)        000FD3
_PORTAbits                    (abs)        000F80
_PORTBbits                    (abs)        000F81
_PORTDbits                    (abs)        000F83
_PROFILE_NUM                  bssCOMRAM    000048
_PULSE                        bssCOMRAM    000040
_PULSES_TO_REACH              bssBANK0     0000D8
_SELECTED2                    bssCOMRAM    00004C
_SENSOR                       mediumconst  007EF7
_STRING_VALUE_IN_ML           bssBANK0     0000E1
_STRING_VAL_TYPED             bssBANK0     0000E6
_T0CONbits                    (abs)        000FD5
_TMR0L                        (abs)        000FD6
_TMR0_COUNT                   text41       00442E
_TRISAbits                    (abs)        000F92
_TRISBbits                    (abs)        000F93
_TRISCbits                    (abs)        000F94
_TRISDbits                    (abs)        000F95
_TRISEbits                    (abs)        000F96
_USER_VALUE                   text2        001864
_VALUE_IN_ML                  bssBANK0     0000D4
_WELCOME                      text1        003A0C
__CHAR1                       bssCOMRAM    00004D
__CHAR2                       bssCOMRAM    00004E
__HRAM                        (abs)        000000
__Habs1                       abs1         000000
__Hbank0                      bank0        000000
__Hbank1                      bank1        000000
__Hbank2                      bank2        000000
__Hbank3                      bank3        000000
__Hbank4                      bank4        000000
__Hbank5                      bank5        000000
__Hbank6                      bank6        000000
__Hbank7                      bank7        000000
__Hbigbss                     bigbss       000000
__Hbigdata                    bigdata      000000
__Hbigram                     bigram       000000
__Hbigsfr                     bigsfr       000000
__Hbss                        bss          000000
__HbssBANK0                   bssBANK0     000000
__HbssBANK1                   bssBANK1     000000
__HbssCOMRAM                  bssCOMRAM    000000
__Hcinit                      cinit        000000
__Hclrtext                    clrtext      000000
__Hcomram                     comram       000000
__Hconfig                     config       30000E
__Hconst                      const        000000
__HcstackBANK0                cstackBANK0  000000
__HcstackBANK1                cstackBANK1  000000
__HcstackCOMRAM               cstackCOMRAM 000000
__Hdata                       data         000000
__HdataBANK0                  dataBANK0    000000
__Heeprom_data                eeprom_data  000000
__Hfarbss                     farbss       000000
__Hfardata                    fardata      000000
__Hheap                       heap         000000
__Hibigdata                   ibigdata     000000
__Hidata                      idata        000000
__HidataBANK0                 idataBANK0   000000
__Hidloc                      idloc        200008
__Hifardata                   ifardata     000000
__Hinit                       init         000012
__Hintcode                    intcode      00000E
__Hintcode_body               intcode_body 000000
__Hintcodelo                  intcodelo    00000E
__Hintentry                   intentry     000000
__Hintret                     intret       000000
__Hintsave_regs               intsave_regs 000000
__Hirdata                     irdata       000000
__Hmediumconst                mediumconst  008000
__HnvFARRAM                   nvFARRAM     000000
__Hnvbit                      nvbit        000000
__Hnvrram                     nvrram       000000
__Hparam                      rparam       000000
__Hpowerup                    powerup      00000E
__Hram                        ram          000000
__Hramtop                     ramtop       000800
__Hrbit                       rbit         000000
__Hrbss                       rbss         000000
__Hrdata                      rdata        000000
__Hreset_vec                  reset_vec    000004
__Hrparam                     rparam       000000
__Hsfr                        sfr          000000
__Hsmallconst                 smallconst   000000
__Hspace_0                    (abs)        008000
__Hspace_1                    (abs)        00015D
__Hspace_2                    (abs)        000000
__Hspace_4                    (abs)        60000E
__Hstack                      stack        000000
__Hstruct                     struct       000000
__Htemp                       temp         000050
__Htext                       text         000000
__Htext0                      text0        000000
__Htext1                      text1        000000
__Htext10                     text10       000000
__Htext11                     text11       000000
__Htext12                     text12       000000
__Htext13                     text13       000000
__Htext14                     text14       000000
__Htext15                     text15       000000
__Htext16                     text16       000000
__Htext17                     text17       000000
__Htext18                     text18       000000
__Htext19                     text19       000000
__Htext2                      text2        000000
__Htext20                     text20       000000
__Htext21                     text21       000000
__Htext22                     text22       000000
__Htext23                     text23       000000
__Htext24                     text24       000000
__Htext25                     text25       000000
__Htext26                     text26       000000
__Htext27                     text27       000000
__Htext28                     text28       000000
__Htext29                     text29       000000
__Htext3                      text3        000000
__Htext30                     text30       000000
__Htext31                     text31       000000
__Htext32                     text32       000000
__Htext33                     text33       000000
__Htext34                     text34       000000
__Htext35                     text35       000000
__Htext36                     text36       000000
__Htext37                     text37       000000
__Htext38                     text38       000000
__Htext39                     text39       000000
__Htext4                      text4        000000
__Htext40                     text40       000000
__Htext41                     text41       000000
__Htext42                     text42       000000
__Htext43                     text43       000000
__Htext44                     text44       000000
__Htext45                     text45       000000
__Htext46                     text46       000000
__Htext47                     text47       000000
__Htext49                     text49       000000
__Htext5                      text5        000000
__Htext6                      text6        000000
__Htext7                      text7        000000
__Htext8                      text8        000000
__Htext9                      text9        000000
__LRAM                        (abs)        000001
__Labs1                       abs1         000000
__Lbank0                      bank0        000000
__Lbank1                      bank1        000000
__Lbank2                      bank2        000000
__Lbank3                      bank3        000000
__Lbank4                      bank4        000000
__Lbank5                      bank5        000000
__Lbank6                      bank6        000000
__Lbank7                      bank7        000000
__Lbigbss                     bigbss       000000
__Lbigdata                    bigdata      000000
__Lbigram                     bigram       000000
__Lbigsfr                     bigsfr       000000
__Lbss                        bss          000000
__LbssBANK0                   bssBANK0     000000
__LbssBANK1                   bssBANK1     000000
__LbssCOMRAM                  bssCOMRAM    000000
__Lcinit                      cinit        000000
__Lclrtext                    clrtext      000000
__Lcomram                     comram       000000
__Lconfig                     config       000000
__Lconst                      const        000000
__LcstackBANK0                cstackBANK0  000000
__LcstackBANK1                cstackBANK1  000000
__LcstackCOMRAM               cstackCOMRAM 000000
__Ldata                       data         000000
__LdataBANK0                  dataBANK0    000000
__Leeprom_data                eeprom_data  000000
__Lfarbss                     farbss       000000
__Lfardata                    fardata      000000
__Lheap                       heap         000000
__Libigdata                   ibigdata     000000
__Lidata                      idata        000000
__LidataBANK0                 idataBANK0   000000
__Lidloc                      idloc        000000
__Lifardata                   ifardata     000000
__Linit                       init         00000E
__Lintcode                    intcode      000008
__Lintcode_body               intcode_body 000000
__Lintcodelo                  intcodelo    00000E
__Lintentry                   intentry     000000
__Lintret                     intret       000000
__Lintsave_regs               intsave_regs 000000
__Lirdata                     irdata       000000
__Lmediumconst                mediumconst  007EF6
__LnvFARRAM                   nvFARRAM     000000
__Lnvbit                      nvbit        000000
__Lnvrram                     nvrram       000000
__Lparam                      rparam       000000
__Lpowerup                    powerup      00000E
__Lram                        ram          000000
__Lramtop                     ramtop       000800
__Lrbit                       rbit         000000
__Lrbss                       rbss         000000
__Lrdata                      rdata        000000
__Lreset_vec                  reset_vec    000000
__Lrparam                     rparam       000000
__Lsfr                        sfr          000000
__Lsmallconst                 smallconst   000000
__Lspace_0                    (abs)        000000
__Lspace_1                    (abs)        000000
__Lspace_2                    (abs)        000000
__Lspace_4                    (abs)        000000
__Lstack                      stack        000000
__Lstruct                     struct       000000
__Ltemp                       temp         00004F
__Ltext                       text         000000
__Ltext0                      text0        000000
__Ltext1                      text1        000000
__Ltext10                     text10       000000
__Ltext11                     text11       000000
__Ltext12                     text12       000000
__Ltext13                     text13       000000
__Ltext14                     text14       000000
__Ltext15                     text15       000000
__Ltext16                     text16       000000
__Ltext17                     text17       000000
__Ltext18                     text18       000000
__Ltext19                     text19       000000
__Ltext2                      text2        000000
__Ltext20                     text20       000000
__Ltext21                     text21       000000
__Ltext22                     text22       000000
__Ltext23                     text23       000000
__Ltext24                     text24       000000
__Ltext25                     text25       000000
__Ltext26                     text26       000000
__Ltext27                     text27       000000
__Ltext28                     text28       000000
__Ltext29                     text29       000000
__Ltext3                      text3        000000
__Ltext30                     text30       000000
__Ltext31                     text31       000000
__Ltext32                     text32       000000
__Ltext33                     text33       000000
__Ltext34                     text34       000000
__Ltext35                     text35       000000
__Ltext36                     text36       000000
__Ltext37                     text37       000000
__Ltext38                     text38       000000
__Ltext39                     text39       000000
__Ltext4                      text4        000000
__Ltext40                     text40       000000
__Ltext41                     text41       000000
__Ltext42                     text42       000000
__Ltext43                     text43       000000
__Ltext44                     text44       000000
__Ltext45                     text45       000000
__Ltext46                     text46       000000
__Ltext47                     text47       000000
__Ltext49                     text49       000000
__Ltext5                      text5        000000
__Ltext6                      text6        000000
__Ltext7                      text7        000000
__Ltext8                      text8        000000
__Ltext9                      text9        000000
__S0                          (abs)        008000
__S1                          (abs)        00015D
__S4                          (abs)        000000
__S5                          (abs)        000000
___fladd                      text30       000A76
___fladd@a                    cstackCOMRAM 000015
___fladd@aexp                 cstackCOMRAM 00001E
___fladd@b                    cstackCOMRAM 000011
___fladd@bexp                 cstackCOMRAM 00001F
___fladd@grs                  cstackCOMRAM 000020
___fladd@signs                cstackCOMRAM 00001D
___fldiv                      text35       0020C6
___fldiv@a                    cstackCOMRAM 000023
___fldiv@aexp                 cstackCOMRAM 000037
___fldiv@b                    cstackCOMRAM 00001F
___fldiv@bexp                 cstackCOMRAM 000036
___fldiv@grs                  cstackCOMRAM 000032
___fldiv@new_exp              cstackCOMRAM 000030
___fldiv@rem                  cstackCOMRAM 00002B
___fldiv@sign                 cstackCOMRAM 00002F
___fleq                       text34       003D62
___fleq@ff1                   cstackCOMRAM 000011
___fleq@ff2                   cstackCOMRAM 000015
___flge                       text33       00371A
___flge@ff1                   cstackCOMRAM 00002A
___flge@ff2                   cstackCOMRAM 00002E
___flmul                      text32       001C9C
___flmul@a                    cstackCOMRAM 000015
___flmul@aexp                 cstackCOMRAM 00001E
___flmul@b                    cstackCOMRAM 000011
___flmul@bexp                 cstackCOMRAM 000023
___flmul@grs                  cstackCOMRAM 00001F
___flmul@prod                 cstackCOMRAM 000024
___flmul@sign                 cstackCOMRAM 00001D
___flmul@temp                 cstackCOMRAM 000028
___flneg                      text31       0042F0
___flneg@f1                   cstackCOMRAM 000011
___flsub                      text29       0041E0
___flsub@a                    cstackCOMRAM 00002E
___flsub@b                    cstackCOMRAM 00002A
___fltol                      text28       003614
___fltol@exp1                 cstackCOMRAM 00001A
___fltol@f1                   cstackCOMRAM 000011
___fltol@sign1                cstackCOMRAM 000019
___fpclassifyf                text27       00381E
___fpclassifyf@F465           bssBANK0     0000D0
___fpclassifyf@e              cstackCOMRAM 000019
___fpclassifyf@u              cstackCOMRAM 00001B
___fpclassifyf@x              cstackCOMRAM 000011
___heap_hi                    (abs)        000000
___heap_lo                    (abs)        000000
___inthi_sp                   stack        000000
___intlo_sp                   stack        000000
___lodiv                      text17       00391C
___lodiv@counter              cstackCOMRAM 000029
___lodiv@dividend             cstackCOMRAM 000011
___lodiv@divisor              cstackCOMRAM 000019
___lodiv@quotient             cstackCOMRAM 000021
___lomod                      text16       003BC8
___lomod@counter              cstackCOMRAM 000021
___lomod@dividend             cstackCOMRAM 000011
___lomod@divisor              cstackCOMRAM 000019
___param_bank                 (abs)        000000
___rparam_used                (abs)        000001
___sp                         stack        000000
___wmul                       text39       00438C
___wmul@multiplicand          cstackCOMRAM 000013
___wmul@multiplier            cstackCOMRAM 000011
___wmul@product               cstackCOMRAM 000015
___xxtofl                     text40       003316
___xxtofl@arg                 cstackCOMRAM 00001B
___xxtofl@exp                 cstackCOMRAM 00001A
___xxtofl@sign                cstackCOMRAM 000019
___xxtofl@val                 cstackCOMRAM 000011
__accesstop                   (abs)        000060
__activetblptr                (abs)        000002
__end_of_FILL                 text11       002A48
__end_of_ISR_TIMER0           intcode_body 0041E0
__end_of_Keypad_Get_Char      text5        002784
__end_of_Keypad_Init          text10       0043F6
__end_of_Lcd_Blink            text4        004412
__end_of_Lcd_CGRAM_Close      text9        00442E
__end_of_Lcd_CGRAM_CreateChar text8        002CAE
__end_of_Lcd_CGRAM_Init       text7        004420
__end_of_Lcd_Clear            text45       00444A
__end_of_Lcd_Cmd              text46       0043D2
__end_of_Lcd_Init             text6        003E8C
__end_of_Lcd_NoBlink          text3        004404
__end_of_Lcd_Port             text47       004046
__end_of_Lcd_Set_Cursor       text44       003BC8
__end_of_Lcd_Write_Char       text43       004360
__end_of_Lcd_Write_String     text42       003F0A
__end_of_SENSOR               mediumconst  007EFF
__end_of_TMR0_COUNT           text41       00443C
__end_of_USER_VALUE           text2        001C9C
__end_of_WELCOME              text1        003AF6
__end_of___fladd              text30       000F36
__end_of___fldiv              text35       002460
__end_of___fleq               text34       003E0C
__end_of___flge               text33       00381E
__end_of___flmul              text32       0020C6
__end_of___flneg              text31       004328
__end_of___flsub              text29       004226
__end_of___fltol              text28       00371A
__end_of___fpclassifyf        text27       00391C
__end_of___lodiv              text17       003A0C
__end_of___lomod              text16       003C98
__end_of___wmul               text39       0043B2
__end_of___xxtofl             text40       0034CA
__end_of__initialization      cinit        0040E4
__end_of_atoi                 text36       003614
__end_of_efgtoa               text18       000A76
__end_of_floorf               text26       003118
__end_of_fputc                text22       003D62
__end_of_fputs                text21       0042B0
__end_of_isdigit              text38       00438C
__end_of_isspace              text37       00426C
__end_of_labs                 text25       003FEA
__end_of_main                 text0        002F02
__end_of_memcpy               text24       004194
__end_of_pad                  text20       003F84
__end_of_putch                text23       00444C
__end_of_sprintf              text12       0040A0
__end_of_strcpy               text19       0042F0
__end_of_utoa                 text15       003316
__end_of_vfpfcnvrt            text14       001864
__end_of_vfprintf             text13       004144
__end_ofi2___fladd            text49       0013F6
__initialization              cinit        0040A0
__mediumconst                 mediumconst  007EF6
__pbssBANK0                   bssBANK0     0000CC
__pbssBANK1                   bssBANK1     000100
__pbssCOMRAM                  bssCOMRAM    000040
__pcinit                      cinit        0040A0
__pcstackBANK0                cstackBANK0  000060
__pcstackBANK1                cstackBANK1  000150
__pcstackCOMRAM               cstackCOMRAM 000001
__pdataBANK0                  dataBANK0    0000EB
__pidataBANK0                 idataBANK0   0043D2
__pintcode                    intcode      000008
__pintcode_body               intcode_body 004194
__pmediumconst                mediumconst  007EF6
__ptext0                      text0        002CAE
__ptext1                      text1        003A0C
__ptext10                     text10       0043E6
__ptext11                     text11       002784
__ptext12                     text12       004046
__ptext13                     text13       0040F2
__ptext14                     text14       0013F6
__ptext15                     text15       003118
__ptext16                     text16       003BC8
__ptext17                     text17       00391C
__ptext18                     text18       000012
__ptext19                     text19       0042B0
__ptext2                      text2        001864
__ptext20                     text20       003F0A
__ptext21                     text21       00426C
__ptext22                     text22       003C98
__ptext23                     text23       00444A
__ptext24                     text24       004144
__ptext25                     text25       003F84
__ptext26                     text26       002F02
__ptext27                     text27       00381E
__ptext28                     text28       003614
__ptext29                     text29       0041E0
__ptext3                      text3        0043F6
__ptext30                     text30       000A76
__ptext31                     text31       0042F0
__ptext32                     text32       001C9C
__ptext33                     text33       00371A
__ptext34                     text34       003D62
__ptext35                     text35       0020C6
__ptext36                     text36       0034CA
__ptext37                     text37       004226
__ptext38                     text38       004360
__ptext39                     text39       00438C
__ptext4                      text4        004404
__ptext40                     text40       003316
__ptext41                     text41       00442E
__ptext42                     text42       003E8C
__ptext43                     text43       004328
__ptext44                     text44       003AF6
__ptext45                     text45       00443C
__ptext46                     text46       0043B2
__ptext47                     text47       003FEA
__ptext49                     text49       000F36
__ptext5                      text5        002460
__ptext6                      text6        003E0C
__ptext7                      text7        004412
__ptext8                      text8        002A48
__ptext9                      text9        004420
__ramtop                      ramtop       000800
__smallconst                  smallconst   000000
_atoi                         text36       0034CA
_dbuf                         bssBANK1     000100
_efgtoa                       text18       000012
_efgtoa$1502                  cstackBANK0  00007D
_flags                        bssBANK0     0000E0
_floorf                       text26       002F02
_fputc                        text22       003C98
_fputs                        text21       00426C
_isdigit                      text38       004360
_isspace                      text37       004226
_isspace$1588                 cstackCOMRAM 000015
_labs                         text25       003F84
_main                         text0        002CAE
_memcpy                       text24       004144
_num1                         bssCOMRAM    000044
_num2                         bssCOMRAM    000046
_pad                          text20       003F0A
_prec                         bssBANK0     0000DE
_putch                        text23       00444A
_sprintf                      text12       004046
_strcpy                       text19       0042B0
_utoa                         text15       003118
_vfpfcnvrt                    text14       0013F6
_vfprintf                     text13       0040F2
_width                        bssBANK0     0000DC
atoi@n                        cstackCOMRAM 00001E
atoi@neg                      cstackCOMRAM 00001C
atoi@s                        cstackCOMRAM 000017
btemp                         temp         00004F
efgtoa@c                      cstackBANK0  000076
efgtoa@d                      cstackBANK0  000082
efgtoa@e                      cstackBANK0  000086
efgtoa@f                      cstackBANK0  000072
efgtoa@fp                     cstackBANK0  000070
efgtoa@g                      cstackBANK0  000099
efgtoa@h                      cstackBANK0  00008E
efgtoa@i                      cstackBANK0  000096
efgtoa@l                      cstackBANK0  000092
efgtoa@m                      cstackBANK0  000084
efgtoa@mode                   cstackBANK0  000080
efgtoa@n                      cstackBANK0  00009D
efgtoa@ne                     cstackBANK0  000077
efgtoa@nmode                  cstackBANK0  000081
efgtoa@ou                     cstackBANK0  000088
efgtoa@p                      cstackBANK0  000079
efgtoa@pp                     cstackBANK0  00007F
efgtoa@sign                   cstackBANK0  000098
efgtoa@t                      cstackBANK0  00007B
efgtoa@u                      cstackBANK0  00009F
efgtoa@w                      cstackBANK0  00008C
end_of_initialization         cinit        0040E4
floorf@F526                   bssBANK0     0000CC
floorf@e                      cstackBANK0  00006A
floorf@m                      cstackBANK0  000066
floorf@u                      cstackBANK0  00006C
floorf@x                      cstackCOMRAM 000038
fputc@c                       cstackCOMRAM 000011
fputc@fp                      cstackCOMRAM 000013
fputs@c                       cstackCOMRAM 00001E
fputs@fp                      cstackCOMRAM 00001C
fputs@i                       cstackCOMRAM 00001F
fputs@s                       cstackCOMRAM 00001A
i2___fladd                    text49       000F36
i2___fladd@a                  cstackCOMRAM 000005
i2___fladd@aexp               cstackCOMRAM 00000E
i2___fladd@b                  cstackCOMRAM 000001
i2___fladd@bexp               cstackCOMRAM 00000F
i2___fladd@grs                cstackCOMRAM 000010
i2___fladd@signs              cstackCOMRAM 00000D
int$flags                     temp         00004F
int_func                      intcode_body 004194
intlevel0                     text         000000
intlevel1                     text         000000
intlevel2                     text         000000
intlevel3                     text         000000
isa$std                       (abs)        000001
isa$xinst                     (abs)        000000
isdigit@c                     cstackCOMRAM 000011
isspace@c                     cstackCOMRAM 000011
labs@a                        cstackCOMRAM 000011
memcpy@d                      cstackCOMRAM 000018
memcpy@d1                     cstackCOMRAM 000011
memcpy@n                      cstackCOMRAM 000015
memcpy@s                      cstackCOMRAM 00001A
memcpy@s1                     cstackCOMRAM 000013
memcpy@tmp                    cstackCOMRAM 000017
pad@buf                       cstackCOMRAM 000023
pad@fp                        cstackCOMRAM 000021
pad@i                         cstackCOMRAM 000028
pad@p                         cstackCOMRAM 000025
pad@w                         cstackCOMRAM 00002A
sprintf@ap                    cstackBANK1  000150
sprintf@f                     cstackBANK1  000152
sprintf@fmt                   cstackBANK0  0000C2
sprintf@s                     cstackBANK0  0000C0
stackhi                       (abs)        000000
stacklo                       (abs)        000000
start                         init         00000E
start_initialization          cinit        0040A0
strcpy@d                      cstackCOMRAM 000017
strcpy@dest                   cstackCOMRAM 000011
strcpy@s                      cstackCOMRAM 000015
strcpy@src                    cstackCOMRAM 000013
ttemp5                        temp         000050
ttemp6                        temp         000053
ttemp7                        temp         000057
utoa@d                        cstackCOMRAM 00002E
utoa@fp                       cstackCOMRAM 00002C
utoa@i                        cstackBANK0  00006C
utoa@n                        cstackBANK0  000064
utoa@p                        cstackBANK0  000060
utoa@w                        cstackBANK0  000062
vfpfcnvrt@ap                  cstackBANK0  0000A7
vfpfcnvrt@c                   cstackBANK0  0000B7
vfpfcnvrt@convarg             cstackBANK0  0000AF
vfpfcnvrt@cp                  cstackBANK0  0000B8
vfpfcnvrt@done                cstackBANK0  0000AD
vfpfcnvrt@fmt                 cstackBANK0  0000A5
vfpfcnvrt@fp                  cstackBANK0  0000A3
vfprintf@ap                   cstackBANK0  0000BE
vfprintf@cfmt                 cstackCOMRAM 00003E
vfprintf@fmt                  cstackBANK0  0000BC
vfprintf@fp                   cstackBANK0  0000BA
wtemp8                        temp         000050


MODULE INFORMATION

Module		Function		Class		Link	Load	Size
C:\Program Files\Microchip\xc8\v2.40\pic\sources\c99\common\sprcmul.c
		___flmul       		CODE           	1C9C	0000	1066

C:\Program Files\Microchip\xc8\v2.40\pic\sources\c99\common\sprcmul.c estimated size: 1066

C:\Program Files\Microchip\xc8\v2.40\pic\sources\c99\common\nf_fputc.c
		_fputc         		CODE           	3C98	0000	202

C:\Program Files\Microchip\xc8\v2.40\pic\sources\c99\common\nf_fputc.c estimated size: 202

C:\Program Files\Microchip\xc8\v2.40\pic\sources\c99\common\sprcdiv.c
		___fldiv       		CODE           	20C6	0000	922

C:\Program Files\Microchip\xc8\v2.40\pic\sources\c99\common\sprcdiv.c estimated size: 922

C:\Program Files\Microchip\xc8\v2.40\pic\sources\c99\common\nf_sprintf.c
		_sprintf       		CODE           	4046	0000	90

C:\Program Files\Microchip\xc8\v2.40\pic\sources\c99\common\nf_sprintf.c estimated size: 90

C:\Program Files\Microchip\xc8\v2.40\pic\sources\c99\common\memcpy.c
		_memcpy        		CODE           	4144	0000	80

C:\Program Files\Microchip\xc8\v2.40\pic\sources\c99\common\memcpy.c estimated size: 80

C:\Program Files\Microchip\xc8\v2.40\pic\sources\c99\common\fltol.c
		___fltol       		CODE           	3614	0000	262

C:\Program Files\Microchip\xc8\v2.40\pic\sources\c99\common\fltol.c estimated size: 262

C:\Program Files\Microchip\xc8\v2.40\pic\sources\c99\common\isspace.c
		_isspace       		CODE           	4226	0000	70

C:\Program Files\Microchip\xc8\v2.40\pic\sources\c99\common\isspace.c estimated size: 70

kbd4x4.c
		_Keypad_Init   		CODE           	43E6	0000	16
		_Keypad_Get_Char		CODE           	2460	0000	804

kbd4x4.c estimated size: 820

C:\Program Files\Microchip\xc8\v2.40\pic\sources\c99\common\atoi.c
		_atoi          		CODE           	34CA	0000	330

C:\Program Files\Microchip\xc8\v2.40\pic\sources\c99\common\atoi.c estimated size: 330

C:\Program Files\Microchip\xc8\v2.40\pic\sources\c99\common\Umul16.c
		___wmul        		CODE           	438C	0000	38

C:\Program Files\Microchip\xc8\v2.40\pic\sources\c99\common\Umul16.c estimated size: 38

C:\Program Files\Microchip\xc8\v2.40\pic\sources\c99\common\fleq.c
		___fleq        		CODE           	3D62	0000	170

C:\Program Files\Microchip\xc8\v2.40\pic\sources\c99\common\fleq.c estimated size: 170

Main_program.c
		_TMR0_COUNT    		CODE           	442E	0000	14
		_WELCOME       		CODE           	3A0C	0000	234
		_FILL          		CODE           	2784	0000	708
		_main          		CODE           	2CAE	0000	596
		_USER_VALUE    		CODE           	1864	0000	1080
		_ISR_TIMER0    		CODE           	0008	0000	82

Main_program.c estimated size: 2714

C:\Program Files\Microchip\xc8\v2.40\pic\sources\c99\common\__fpclassifyf.c
		___fpclassifyf 		CODE           	381E	0000	254

C:\Program Files\Microchip\xc8\v2.40\pic\sources\c99\common\__fpclassifyf.c estimated size: 254

C:\Program Files\Microchip\xc8\v2.40\pic\sources\c99\common\isdigit.c
		_isdigit       		CODE           	4360	0000	44

C:\Program Files\Microchip\xc8\v2.40\pic\sources\c99\common\isdigit.c estimated size: 44

C:\Program Files\Microchip\xc8\v2.40\pic\sources\c99\common\sprcadd.c
		___flsub       		CODE           	41E0	0000	70
		___fladd       		CODE           	0A76	0000	1216

C:\Program Files\Microchip\xc8\v2.40\pic\sources\c99\common\sprcadd.c estimated size: 1286

C:\Program Files\Microchip\xc8\v2.40\pic\sources\c99\common\floorf.c
		_floorf        		CODE           	2F02	0000	534

C:\Program Files\Microchip\xc8\v2.40\pic\sources\c99\common\floorf.c estimated size: 534

C:\Program Files\Microchip\xc8\v2.40\pic\sources\c99\common\flneg.c
		___flneg       		CODE           	42F0	0000	56

C:\Program Files\Microchip\xc8\v2.40\pic\sources\c99\common\flneg.c estimated size: 56

C:\Program Files\Microchip\xc8\v2.40\pic\sources\c99\common\labs.c
		_labs          		CODE           	3F84	0000	102

C:\Program Files\Microchip\xc8\v2.40\pic\sources\c99\common\labs.c estimated size: 102

C:\Program Files\Microchip\xc8\v2.40\pic\sources\c99\common\xxtofl.c
		___xxtofl      		CODE           	3316	0000	436

C:\Program Files\Microchip\xc8\v2.40\pic\sources\c99\common\xxtofl.c estimated size: 436

C:\Program Files\Microchip\xc8\v2.40\pic\sources\c99\common\nf_fputs.c
		_fputs         		CODE           	426C	0000	68

C:\Program Files\Microchip\xc8\v2.40\pic\sources\c99\common\nf_fputs.c estimated size: 68

C:\Program Files\Microchip\xc8\v2.40\pic\sources\c99\common\lomod.c
		___lomod       		CODE           	3BC8	0000	208

C:\Program Files\Microchip\xc8\v2.40\pic\sources\c99\common\lomod.c estimated size: 208

shared
		i2___fladd     		CODE           	0F36	0000	1216
		__initialization		CODE           	40A0	0000	68
		_SENSOR        		MEDIUMCONST    	7EF7	0000	8

shared estimated size: 1292

C:\Program Files\Microchip\xc8\v2.40\pic\sources\c99\common\strcpy.c
		_strcpy        		CODE           	42B0	0000	64

C:\Program Files\Microchip\xc8\v2.40\pic\sources\c99\common\strcpy.c estimated size: 64

C:\Program Files\Microchip\xc8\v2.40\pic\sources\c99\common\flge.c
		___flge        		CODE           	371A	0000	260

C:\Program Files\Microchip\xc8\v2.40\pic\sources\c99\common\flge.c estimated size: 260

C:\Program Files\Microchip\xc8\v2.40\pic\sources\c99\common\putch.c
		_putch         		CODE           	444A	0000	2

C:\Program Files\Microchip\xc8\v2.40\pic\sources\c99\common\putch.c estimated size: 2

lcd.c
		_Lcd_Write_String		CODE           	3E8C	0000	126
		_Lcd_Init      		CODE           	3E0C	0000	128
		_Lcd_CGRAM_Init		CODE           	4412	0000	14
		_Lcd_Write_Char		CODE           	4328	0000	56
		_Lcd_Blink     		CODE           	4404	0000	14
		_Lcd_Cmd       		CODE           	43B2	0000	32
		_Lcd_CGRAM_Close		CODE           	4420	0000	14
		_Lcd_NoBlink   		CODE           	43F6	0000	14
		_Lcd_Set_Cursor		CODE           	3AF6	0000	210
		_Lcd_Clear     		CODE           	443C	0000	14
		_Lcd_Port      		CODE           	3FEA	0000	92
		_Lcd_CGRAM_CreateChar		CODE           	2A48	0000	614

lcd.c estimated size: 1328

C:\Program Files\Microchip\xc8\v2.40\pic\sources\c99\common\doprnt.c
		_vfpfcnvrt     		CODE           	13F6	0000	1134
		_efgtoa        		CODE           	0012	0000	2660
		_pad           		CODE           	3F0A	0000	122
		_vfprintf      		CODE           	40F2	0000	82
		_utoa          		CODE           	3118	0000	510

C:\Program Files\Microchip\xc8\v2.40\pic\sources\c99\common\doprnt.c estimated size: 4508

C:\Program Files\Microchip\xc8\v2.40\pic\sources\c99\common\lodiv.c
		___lodiv       		CODE           	391C	0000	240

C:\Program Files\Microchip\xc8\v2.40\pic\sources\c99\common\lodiv.c estimated size: 240

